_id.deepseek_flash=deepseek/deepseek-v4-flash
_id.deepseek_pro=deepseek/deepseek-v4-pro
_id.ds4pro=deepseek/deepseek-v4-pro-0813
_id.glm53=z-ai/glm-5.3
_id.glm53flash=z-ai/glm-5.3-flash
_id.glm=z-ai/glm-5.2
_id.gpt=openai/gpt-5.5
_id.kimi=moonshotai/kimi-k2.7-code
_id.minimax=minimax/minimax-m3
_id.opus=anthropic/claude-opus-4.8
_id.ox=stealth/ox-alpha
_id.sonnet5=anthropic/claude-sonnet-5
_id.sonnet=anthropic/claude-sonnet-4.6
cadence.collector=minimax/minimax-m3
cadence.digest=deepseek/deepseek-v4-pro
cadence.retro=z-ai/glm-5.2
dev.debugger=z-ai/glm-5.3-flash
dev.implementer=z-ai/glm-5.3-flash
dev.recon=z-ai/glm-5.3-flash
dev.refactorer=z-ai/glm-5.3-flash
plan.decomposer=z-ai/glm-5.3-flash
plan.discovery=z-ai/glm-5.3-flash
plan.push=z-ai/glm-5.3-flash
plan.spec-review=z-ai/glm-5.3-flash
plan.spec=z-ai/glm-5.3-flash
review.deep=z-ai/glm-5.3-flash
review.first-pass=z-ai/glm-5.3-flash
review.security=z-ai/glm-5.3-flash
test.deployer=z-ai/glm-5.3-flash
test.root-cause=z-ai/glm-5.3-flash
test.runner=z-ai/glm-5.3-flash
test.scenario-gen=z-ai/glm-5.3-flash
