_id.deepseek_flash=deepseek/deepseek-v4-flash
_id.deepseek_pro=deepseek/deepseek-v4-pro
_id.ds4pro=deepseek/deepseek-v4-pro-0813
_id.glm53=z-ai/glm-5.3
_id.glm=z-ai/glm-5.2
_id.gpt=openai/gpt-5.5
_id.kimi=moonshotai/kimi-k2.7-code
_id.minimax=minimax/minimax-m3
_id.opus=anthropic/claude-opus-4.8
_id.ox=stealth/ox-alpha
_id.sonnet5=anthropic/claude-sonnet-5
_id.sonnet=anthropic/claude-sonnet-4.6
cadence.collector=minimax/minimax-m3
cadence.digest=deepseek/deepseek-v4-pro
cadence.retro=z-ai/glm-5.2
dev.debugger=deepseek/deepseek-v4-pro-0813
dev.implementer=deepseek/deepseek-v4-pro-0813
dev.recon=minimax/minimax-m3
dev.refactorer=deepseek/deepseek-v4-pro-0813
plan.decomposer=z-ai/glm-5.3
plan.discovery=minimax/minimax-m3
plan.push=deepseek/deepseek-v4-flash
plan.spec-review=anthropic/claude-sonnet-5
plan.spec=z-ai/glm-5.3
review.deep=stealth/ox-alpha
review.first-pass=deepseek/deepseek-v4-pro
review.security=stealth/ox-alpha
test.deployer=stealth/ox-alpha
test.root-cause=stealth/ox-alpha
test.runner=stealth/ox-alpha
test.scenario-gen=stealth/ox-alpha
